// Jest Snapshot v1, https://goo.gl/fbAQLP

exports[`AccordionItem renders an accordion item 1`] = `
<Accordion>
  <div
    className="ds-c-accordion"
    onKeyDown={[Function]}
  >
    <AccordionItem
      heading="Heading for accordion item"
      headingLevel="2"
    >
      <h2
        className="ds-c-accordion__heading"
      >
        <button
          aria-controls="accordionItem_1"
          aria-expanded={false}
          className="ds-c-accordion__button"
          id="accordionItem_1-button"
          onClick={[Function]}
        >
          Heading for accordion item
          <AddIcon
            ariaHidden={false}
            className="ds-c-accordion__button-icon"
            title="Open"
          >
            <SvgIcon
              ariaHidden={false}
              className="ds-c-icon--add ds-c-accordion__button-icon"
              inversed={false}
              title="Open"
              viewBox="3 3 18 18"
            >
              <svg
                aria-hidden={false}
                aria-labelledby="icon-2__title"
                className="ds-c-icon ds-c-icon--add ds-c-accordion__button-icon"
                focusable={false}
                id="icon-2"
                role="img"
                viewBox="3 3 18 18"
                xmlns="http://www.w3.org/2000/svg"
              >
                <title
                  id="icon-2__title"
                >
                  Open
                </title>
                <path
                  d="M19 13h-6v6h-2v-6H5v-2h6V5h2v6h6v2z"
                />
              </svg>
            </SvgIcon>
          </AddIcon>
        </button>
      </h2>
      <div
        aria-labelledby="accordionItem_1-button"
        className="ds-c-accordion__content"
        hidden={true}
        id="accordionItem_1"
      >
        &lt;p&gt;Content for accordion item&lt;/p&gt;
      </div>
    </AccordionItem>
  </div>
</Accordion>
`;
