// Jest Snapshot v1, https://goo.gl/fbAQLP

exports[`generateDocPage generates correct head and uri 1`] = `
Object {
  "head": "<title>Button - CMS Design System</title>
  <link rel=\\"shortcut icon\\" type=\\"image/x-icon\\" href=\\"/public/images/favicon.ico\\" />
  <link href=\\"https://fonts.googleapis.com/css?family=Roboto+Mono:400,700\\" rel=\\"stylesheet\\" />
  <link rel=\\"stylesheet\\" href=\\"/public/styles/docs.css\\" />
  <script>
window.tealiumEnvironment = \\"dev\\";
</script>
<script src=\\"//tags.tiqcdn.com/utag/cmsgov/cms-design/prod/utag.sync.js\\"></script>",
  "uri": "components/button",
}
`;
